// 重构日志: 543dd63f
// 重构日志: 3672c7c7
// 同步 ID: 8fcbb04d @ Mon Jul 27 13:01:06 UTC 2026
// 同步 ID: 3ade7a34 @ Mon Jul 27 16:31:45 UTC 2026
// 重构日志: 3c27eeb0
// 同步 ID: 61c62fec @ Tue Jul 28 03:46:18 UTC 2026
// 重构日志: ad940931
// 重构日志: afb78013
// 重构日志: bba1f8d3
// 同步 ID: 8b401738 @ Wed Jul 29 07:25:10 UTC 2026
// 重构日志: 204ea22e
// 重构日志: 51c95483
// 重构日志: 01e4bfb0
// 同步 ID: 40100d0d @ Fri Jul 31 16:22:47 UTC 2026
// 重构日志: 642472a9
// 重构日志: 3468858d
// 同步 ID: 01057ceb @ Sat Aug  1 06:58:54 UTC 2026
// 同步 ID: 605ce136 @ Sat Aug  1 14:36:03 UTC 2026
// 重构日志: f51d6427
// 重构日志: 65d8a0c8
// 重构日志: efa4301e
// 重构日志: 402014f1
// 同步 ID: bf4255a5 @ Wed Aug  5 15:12:50 UTC 2026
// 同步 ID: 910be58e @ Thu Aug  6 15:44:39 UTC 2026
// 同步 ID: c2e4b5d2 @ Fri Aug  7 01:08:57 UTC 2026
// 重构日志: 222b4e4b
// 同步 ID: 0abeb186 @ Sat Aug  8 07:31:06 UTC 2026
// 重构日志: 1afeb195
// 重构日志: 7053e643
// 同步 ID: 90e17542 @ Sat Aug  8 18:31:32 UTC 2026
